MemTotal:        3815120 kB
MemFree:         1057240 kB
MemAvailable:    2919664 kB
Buffers:           24404 kB
Cached:          1976728 kB
SwapCached:            0 kB
Active:          1266836 kB
Inactive:        1248408 kB
Active(anon):     515100 kB
Inactive(anon):    15488 kB
Active(file):     751736 kB
Inactive(file):  1232920 kB
Unevictable:           0 kB
Mlocked:               0 kB
SwapTotal:       4079612 kB
SwapFree:        4079612 kB
Dirty:                 8 kB
Writeback:             0 kB
AnonPages:        514136 kB
Mapped:            80376 kB
Shmem:             16484 kB
Slab:             120980 kB
SReclaimable:      93424 kB
SUnreclaim:        27556 kB
KernelStack:        4480 kB
PageTables:        18020 kB
NFS_Unstable:          0 kB
Bounce:                0 kB
WritebackTmp:          0 kB
CommitLimit:     5987172 kB
Committed_AS:    1487756 kB
VmallocTotal:   34359738367 kB
VmallocUsed:      168184 kB
VmallocChunk:   34359553024 kB
HardwareCorrupted:     0 kB
AnonHugePages:    219136 kB
HugePages_Total:       0
HugePages_Free:        0
HugePages_Rsvd:        0
HugePages_Surp:        0
Hugepagesize:       2048 kB
DirectMap4k:       86204 kB
DirectMap2M:     4040704 kB
